REAPPLY_CHECK mod/0084-build-compatibility-pass-55-native-pch-shim-cleanup.patch
REAPPLY mod/0084-build-compatibility-pass-55-native-pch-shim-cleanup.patch
REAPPLY_CHECK mod/0085-build-compatibility-pass-56-native-map-storage.patch
REAPPLY mod/0085-build-compatibility-pass-56-native-map-storage.patch
REAPPLY_CHECK mod/0086-build-compatibility-pass-57-native-wsg-flag-carrier-team-indices.patch
REAPPLY mod/0086-build-compatibility-pass-57-native-wsg-flag-carrier-team-indices.patch
REAPPLY_CHECK mod/0087-build-compatibility-pass-58-dead-compatibility-prune.patch
REAPPLY mod/0087-build-compatibility-pass-58-dead-compatibility-prune.patch
REAPPLY_CHECK mod/0088-build-compatibility-pass-59-native-spell-helper-namespaces.patch
REAPPLY mod/0088-build-compatibility-pass-59-native-spell-helper-namespaces.patch
REAPPLY_CHECK mod/0089-build-compatibility-pass-60-native-guild-share-auction-buyout.patch
REAPPLY mod/0089-build-compatibility-pass-60-native-guild-share-auction-buyout.patch
REAPPLY_CHECK mod/0090-build-compatibility-pass-61-native-pet-spellbook-rank.patch
REAPPLY mod/0090-build-compatibility-pass-61-native-pet-spellbook-rank.patch
REAPPLY_CHECK mod/0091-build-compatibility-pass-62-remove-compatibility-shim.patch
REAPPLY mod/0091-build-compatibility-pass-62-remove-compatibility-shim.patch
REAPPLY_CHECK mod/0092-build-compatibility-pass-63-remove-dead-compatibility-stubs.patch
REAPPLY mod/0092-build-compatibility-pass-63-remove-dead-compatibility-stubs.patch
REAPPLY_CHECK mod/0093-build-compatibility-pass-64-native-spell-effect-damage.patch
REAPPLY mod/0093-build-compatibility-pass-64-native-spell-effect-damage.patch
REAPPLY_CHECK core/core-0012-native-graveyard-map-readonly.patch
REAPPLY core/core-0012-native-graveyard-map-readonly.patch
REAPPLY_CHECK mod/0094-build-compatibility-pass-65-native-graveyard-values.patch
REAPPLY mod/0094-build-compatibility-pass-65-native-graveyard-values.patch
REAPPLY_CHECK mod/0095-build-compatibility-pass-66-native-grind-creature-semantics.patch
REAPPLY mod/0095-build-compatibility-pass-66-native-grind-creature-semantics.patch
REAPPLY_CHECK mod/0096-build-compatibility-pass-67-native-linked-gameobject-trap.patch
REAPPLY mod/0096-build-compatibility-pass-67-native-linked-gameobject-trap.patch
REAPPLY_CHECK mod/0097-build-compatibility-pass-68-native-maintenance-mail.patch
REAPPLY mod/0097-build-compatibility-pass-68-native-maintenance-mail.patch
REAPPLY_CHECK mod/0098-build-compatibility-pass-69-native-resurrect-request.patch
REAPPLY mod/0098-build-compatibility-pass-69-native-resurrect-request.patch
REAPPLY_CHECK mod/0099-build-compatibility-pass-70-native-vendor-template-id.patch
REAPPLY mod/0099-build-compatibility-pass-70-native-vendor-template-id.patch
REAPPLY_CHECK mod/0100-build-compatibility-pass-71-native-threat-debug-spell-visual.patch
REAPPLY mod/0100-build-compatibility-pass-71-native-threat-debug-spell-visual.patch
